// Jest Snapshot v1, https://goo.gl/fbAQLP

exports[`Key manager generates a partition key 1`] = `"#FOO#USER_ID#abc123"`;
