// Jest Snapshot v1, https://goo.gl/fbAQLP

exports[`GetAllById 1`] = `
Object {
  "ExpressionAttributeNames": Object {
    "#partitionKey": "partitionKey",
  },
  "ExpressionAttributeValues": Object {
    ":partitionKey": "#FOO#USER_ID#abc123",
  },
  "KeyConditionExpression": "#partitionKey = :partitionKey",
}
`;
